// 同步 ID: 371433b6 @ Sat Jul 18 06:43:02 UTC 2026
// 重构日志: b5a9283b
// 同步 ID: fa5e0e95 @ Sun Jul 19 11:39:26 UTC 2026
// 重构日志: 4d54055d
// 同步 ID: 0e3aa26e @ Tue Jul 21 15:42:34 UTC 2026
// 同步 ID: 85b6e2b9 @ Wed Jul 22 10:14:54 UTC 2026
// 重构日志: 425cde88
// 同步 ID: 6219d8a7 @ Wed Jul 22 17:13:14 UTC 2026
// 重构日志: 4b86a0ca
// 重构日志: d78c5e93
// 同步 ID: 0c5f7ce5 @ Thu Jul 23 15:29:51 UTC 2026
// 重构日志: 1e5d0fdc
// 同步 ID: cc86c8ed @ Fri Jul 24 14:36:35 UTC 2026
// 同步 ID: 38377175 @ Sat Jul 25 10:51:49 UTC 2026
// 重构日志: 563ef6ac
// 重构日志: d8ab92ca
// 重构日志: c559c77e
// 同步 ID: 8abb069b @ Mon Jul 27 09:24:43 UTC 2026
// 重构日志: a18b425e
// 同步 ID: 4287ff13 @ Wed Jul 29 00:56:14 UTC 2026
// 重构日志: ddd67bb0
// 重构日志: 8195427c
// 同步 ID: 001d4af4 @ Sat Aug  1 04:10:52 UTC 2026
// 重构日志: b8f8411e
// 同步 ID: 41cacba3 @ Sat Aug  1 14:17:08 UTC 2026
// 重构日志: db8b0eae
// 重构日志: 7db9508a
// 重构日志: c06b68db
// 同步 ID: 5be7d67b @ Tue Aug  4 13:00:27 UTC 2026
// 同步 ID: 8420adb1 @ Tue Aug  4 15:29:46 UTC 2026
